Traceback (most recent call last):
  File "C:\Users\haley.synan\AppData\Local\anaconda3\Lib\site-packages\jupyter_cache\executors\utils.py", line 58, in single_nb_execution
    executenb(
  File "C:\Users\haley.synan\AppData\Local\anaconda3\Lib\site-packages\nbclient\client.py", line 1305, in execute
    return NotebookClient(nb=nb, resources=resources, km=km, **kwargs).execute()
           ^^^^^^^^^^^^^^^^^^^^^^^^^^^^^^^^^^^^^^^^^^^^^^^^^^^^^^^^^^^^^^^^^^^^^
  File "C:\Users\haley.synan\AppData\Local\anaconda3\Lib\site-packages\jupyter_core\utils\__init__.py", line 165, in wrapped
    return loop.run_until_complete(inner)
           ^^^^^^^^^^^^^^^^^^^^^^^^^^^^^^
  File "C:\Users\haley.synan\AppData\Local\anaconda3\Lib\asyncio\base_events.py", line 687, in run_until_complete
    return future.result()
           ^^^^^^^^^^^^^^^
  File "C:\Users\haley.synan\AppData\Local\anaconda3\Lib\site-packages\nbclient\client.py", line 705, in async_execute
    await self.async_execute_cell(
  File "C:\Users\haley.synan\AppData\Local\anaconda3\Lib\site-packages\nbclient\client.py", line 1058, in async_execute_cell
    await self._check_raise_for_error(cell, cell_index, exec_reply)
  File "C:\Users\haley.synan\AppData\Local\anaconda3\Lib\site-packages\nbclient\client.py", line 914, in _check_raise_for_error
    raise CellExecutionError.from_cell_and_msg(cell, exec_reply_content)
nbclient.exceptions.CellExecutionError: An error occurred while executing the following cell:
------------------
ds_surf = xr.open_dataset(r'W:\nadata\PROJECTS\NESCAPES\PROCESSED_DATA\FINAL\hydrographic_climatology_surface_2000_2024.nc')
print('surface gridded climatology opened')
ds_bot = xr.open_dataset(r'W:\nadata\PROJECTS\NESCAPES\PROCESSED_DATA\FINAL\hydrographic_climatology_bottom_2000_2024.nc')
print('bottom gridded climatology opened')
------------------


[1;31m---------------------------------------------------------------------------[0m
[1;31mKeyError[0m                                  Traceback (most recent call last)
File [1;32m~\AppData\Local\anaconda3\Lib\site-packages\xarray\backends\file_manager.py:211[0m, in [0;36mCachingFileManager._acquire_with_cache_info[1;34m(self, needs_lock)[0m
[0;32m    210[0m [38;5;28;01mtry[39;00m:
[1;32m--> 211[0m     file [38;5;241m=[39m [38;5;28mself[39m[38;5;241m.[39m_cache[[38;5;28mself[39m[38;5;241m.[39m_key]
[0;32m    212[0m [38;5;28;01mexcept[39;00m [38;5;167;01mKeyError[39;00m:

File [1;32m~\AppData\Local\anaconda3\Lib\site-packages\xarray\backends\lru_cache.py:56[0m, in [0;36mLRUCache.__getitem__[1;34m(self, key)[0m
[0;32m     55[0m [38;5;28;01mwith[39;00m [38;5;28mself[39m[38;5;241m.[39m_lock:
[1;32m---> 56[0m     value [38;5;241m=[39m [38;5;28mself[39m[38;5;241m.[39m_cache[key]
[0;32m     57[0m     [38;5;28mself[39m[38;5;241m.[39m_cache[38;5;241m.[39mmove_to_end(key)

[1;31mKeyError[0m: [<class 'netCDF4._netCDF4.Dataset'>, ('W:\\nadata\\PROJECTS\\NESCAPES\\PROCESSED_DATA\\FINAL\\hydrographic_climatology_surface_2000_2024.nc',), 'r', (('clobber', True), ('diskless', False), ('format', 'NETCDF4'), ('persist', False)), '2842b8ad-5450-470d-bce1-84c48279e395']

During handling of the above exception, another exception occurred:

[1;31mFileNotFoundError[0m                         Traceback (most recent call last)
Cell [1;32mIn[2], line 1[0m
[1;32m----> 1[0m ds_surf [38;5;241m=[39m xr[38;5;241m.[39mopen_dataset([38;5;124mr[39m[38;5;124m'[39m[38;5;124mW:[39m[38;5;124m\[39m[38;5;124mnadata[39m[38;5;124m\[39m[38;5;124mPROJECTS[39m[38;5;124m\[39m[38;5;124mNESCAPES[39m[38;5;124m\[39m[38;5;124mPROCESSED_DATA[39m[38;5;124m\[39m[38;5;124mFINAL[39m[38;5;124m\[39m[38;5;124mhydrographic_climatology_surface_2000_2024.nc[39m[38;5;124m'[39m)
[0;32m      2[0m [38;5;28mprint[39m([38;5;124m'[39m[38;5;124msurface gridded climatology opened[39m[38;5;124m'[39m)
[0;32m      3[0m ds_bot [38;5;241m=[39m xr[38;5;241m.[39mopen_dataset([38;5;124mr[39m[38;5;124m'[39m[38;5;124mW:[39m[38;5;124m\[39m[38;5;124mnadata[39m[38;5;124m\[39m[38;5;124mPROJECTS[39m[38;5;124m\[39m[38;5;124mNESCAPES[39m[38;5;124m\[39m[38;5;124mPROCESSED_DATA[39m[38;5;124m\[39m[38;5;124mFINAL[39m[38;5;124m\[39m[38;5;124mhydrographic_climatology_bottom_2000_2024.nc[39m[38;5;124m'[39m)

File [1;32m~\AppData\Local\anaconda3\Lib\site-packages\xarray\backends\api.py:573[0m, in [0;36mopen_dataset[1;34m(filename_or_obj, engine, chunks, cache, decode_cf, mask_and_scale, decode_times, decode_timedelta, use_cftime, concat_characters, decode_coords, drop_variables, inline_array, chunked_array_type, from_array_kwargs, backend_kwargs, **kwargs)[0m
[0;32m    561[0m decoders [38;5;241m=[39m _resolve_decoders_kwargs(
[0;32m    562[0m     decode_cf,
[0;32m    563[0m     open_backend_dataset_parameters[38;5;241m=[39mbackend[38;5;241m.[39mopen_dataset_parameters,
[1;32m   (...)[0m
[0;32m    569[0m     decode_coords[38;5;241m=[39mdecode_coords,
[0;32m    570[0m )
[0;32m    572[0m overwrite_encoded_chunks [38;5;241m=[39m kwargs[38;5;241m.[39mpop([38;5;124m"[39m[38;5;124moverwrite_encoded_chunks[39m[38;5;124m"[39m, [38;5;28;01mNone[39;00m)
[1;32m--> 573[0m backend_ds [38;5;241m=[39m backend[38;5;241m.[39mopen_dataset(
[0;32m    574[0m     filename_or_obj,
[0;32m    575[0m     drop_variables[38;5;241m=[39mdrop_variables,
[0;32m    576[0m     [38;5;241m*[39m[38;5;241m*[39mdecoders,
[0;32m    577[0m     [38;5;241m*[39m[38;5;241m*[39mkwargs,
[0;32m    578[0m )
[0;32m    579[0m ds [38;5;241m=[39m _dataset_from_backend_dataset(
[0;32m    580[0m     backend_ds,
[0;32m    581[0m     filename_or_obj,
[1;32m   (...)[0m
[0;32m    591[0m     [38;5;241m*[39m[38;5;241m*[39mkwargs,
[0;32m    592[0m )
[0;32m    593[0m [38;5;28;01mreturn[39;00m ds

File [1;32m~\AppData\Local\anaconda3\Lib\site-packages\xarray\backends\netCDF4_.py:646[0m, in [0;36mNetCDF4BackendEntrypoint.open_dataset[1;34m(self, filename_or_obj, mask_and_scale, decode_times, concat_characters, decode_coords, drop_variables, use_cftime, decode_timedelta, group, mode, format, clobber, diskless, persist, lock, autoclose)[0m
[0;32m    625[0m [38;5;28;01mdef[39;00m[38;5;250m [39m[38;5;21mopen_dataset[39m(  [38;5;66;03m# type: ignore[override]  # allow LSP violation, not supporting **kwargs[39;00m
[0;32m    626[0m     [38;5;28mself[39m,
[0;32m    627[0m     filename_or_obj: [38;5;28mstr[39m [38;5;241m|[39m os[38;5;241m.[39mPathLike[Any] [38;5;241m|[39m BufferedIOBase [38;5;241m|[39m AbstractDataStore,
[1;32m   (...)[0m
[0;32m    643[0m     autoclose[38;5;241m=[39m[38;5;28;01mFalse[39;00m,
[0;32m    644[0m ) [38;5;241m-[39m[38;5;241m>[39m Dataset:
[0;32m    645[0m     filename_or_obj [38;5;241m=[39m _normalize_path(filename_or_obj)
[1;32m--> 646[0m     store [38;5;241m=[39m NetCDF4DataStore[38;5;241m.[39mopen(
[0;32m    647[0m         filename_or_obj,
[0;32m    648[0m         mode[38;5;241m=[39mmode,
[0;32m    649[0m         [38;5;28mformat[39m[38;5;241m=[39m[38;5;28mformat[39m,
[0;32m    650[0m         group[38;5;241m=[39mgroup,
[0;32m    651[0m         clobber[38;5;241m=[39mclobber,
[0;32m    652[0m         diskless[38;5;241m=[39mdiskless,
[0;32m    653[0m         persist[38;5;241m=[39mpersist,
[0;32m    654[0m         lock[38;5;241m=[39mlock,
[0;32m    655[0m         autoclose[38;5;241m=[39mautoclose,
[0;32m    656[0m     )
[0;32m    658[0m     store_entrypoint [38;5;241m=[39m StoreBackendEntrypoint()
[0;32m    659[0m     [38;5;28;01mwith[39;00m close_on_error(store):

File [1;32m~\AppData\Local\anaconda3\Lib\site-packages\xarray\backends\netCDF4_.py:409[0m, in [0;36mNetCDF4DataStore.open[1;34m(cls, filename, mode, format, group, clobber, diskless, persist, lock, lock_maker, autoclose)[0m
[0;32m    403[0m kwargs [38;5;241m=[39m [38;5;28mdict[39m(
[0;32m    404[0m     clobber[38;5;241m=[39mclobber, diskless[38;5;241m=[39mdiskless, persist[38;5;241m=[39mpersist, [38;5;28mformat[39m[38;5;241m=[39m[38;5;28mformat[39m
[0;32m    405[0m )
[0;32m    406[0m manager [38;5;241m=[39m CachingFileManager(
[0;32m    407[0m     netCDF4[38;5;241m.[39mDataset, filename, mode[38;5;241m=[39mmode, kwargs[38;5;241m=[39mkwargs
[0;32m    408[0m )
[1;32m--> 409[0m [38;5;28;01mreturn[39;00m [38;5;28mcls[39m(manager, group[38;5;241m=[39mgroup, mode[38;5;241m=[39mmode, lock[38;5;241m=[39mlock, autoclose[38;5;241m=[39mautoclose)

File [1;32m~\AppData\Local\anaconda3\Lib\site-packages\xarray\backends\netCDF4_.py:356[0m, in [0;36mNetCDF4DataStore.__init__[1;34m(self, manager, group, mode, lock, autoclose)[0m
[0;32m    354[0m [38;5;28mself[39m[38;5;241m.[39m_group [38;5;241m=[39m group
[0;32m    355[0m [38;5;28mself[39m[38;5;241m.[39m_mode [38;5;241m=[39m mode
[1;32m--> 356[0m [38;5;28mself[39m[38;5;241m.[39mformat [38;5;241m=[39m [38;5;28mself[39m[38;5;241m.[39mds[38;5;241m.[39mdata_model
[0;32m    357[0m [38;5;28mself[39m[38;5;241m.[39m_filename [38;5;241m=[39m [38;5;28mself[39m[38;5;241m.[39mds[38;5;241m.[39mfilepath()
[0;32m    358[0m [38;5;28mself[39m[38;5;241m.[39mis_remote [38;5;241m=[39m is_remote_uri([38;5;28mself[39m[38;5;241m.[39m_filename)

File [1;32m~\AppData\Local\anaconda3\Lib\site-packages\xarray\backends\netCDF4_.py:418[0m, in [0;36mNetCDF4DataStore.ds[1;34m(self)[0m
[0;32m    416[0m [38;5;129m@property[39m
[0;32m    417[0m [38;5;28;01mdef[39;00m[38;5;250m [39m[38;5;21mds[39m([38;5;28mself[39m):
[1;32m--> 418[0m     [38;5;28;01mreturn[39;00m [38;5;28mself[39m[38;5;241m.[39m_acquire()

File [1;32m~\AppData\Local\anaconda3\Lib\site-packages\xarray\backends\netCDF4_.py:412[0m, in [0;36mNetCDF4DataStore._acquire[1;34m(self, needs_lock)[0m
[0;32m    411[0m [38;5;28;01mdef[39;00m[38;5;250m [39m[38;5;21m_acquire[39m([38;5;28mself[39m, needs_lock[38;5;241m=[39m[38;5;28;01mTrue[39;00m):
[1;32m--> 412[0m     [38;5;28;01mwith[39;00m [38;5;28mself[39m[38;5;241m.[39m_manager[38;5;241m.[39macquire_context(needs_lock) [38;5;28;01mas[39;00m root:
[0;32m    413[0m         ds [38;5;241m=[39m _nc4_require_group(root, [38;5;28mself[39m[38;5;241m.[39m_group, [38;5;28mself[39m[38;5;241m.[39m_mode)
[0;32m    414[0m     [38;5;28;01mreturn[39;00m ds

File [1;32m~\AppData\Local\anaconda3\Lib\contextlib.py:137[0m, in [0;36m_GeneratorContextManager.__enter__[1;34m(self)[0m
[0;32m    135[0m [38;5;28;01mdel[39;00m [38;5;28mself[39m[38;5;241m.[39margs, [38;5;28mself[39m[38;5;241m.[39mkwds, [38;5;28mself[39m[38;5;241m.[39mfunc
[0;32m    136[0m [38;5;28;01mtry[39;00m:
[1;32m--> 137[0m     [38;5;28;01mreturn[39;00m [38;5;28mnext[39m([38;5;28mself[39m[38;5;241m.[39mgen)
[0;32m    138[0m [38;5;28;01mexcept[39;00m [38;5;167;01mStopIteration[39;00m:
[0;32m    139[0m     [38;5;28;01mraise[39;00m [38;5;167;01mRuntimeError[39;00m([38;5;124m"[39m[38;5;124mgenerator didn[39m[38;5;124m'[39m[38;5;124mt yield[39m[38;5;124m"[39m) [38;5;28;01mfrom[39;00m[38;5;250m [39m[38;5;28;01mNone[39;00m

File [1;32m~\AppData\Local\anaconda3\Lib\site-packages\xarray\backends\file_manager.py:199[0m, in [0;36mCachingFileManager.acquire_context[1;34m(self, needs_lock)[0m
[0;32m    196[0m [38;5;129m@contextlib[39m[38;5;241m.[39mcontextmanager
[0;32m    197[0m [38;5;28;01mdef[39;00m[38;5;250m [39m[38;5;21macquire_context[39m([38;5;28mself[39m, needs_lock[38;5;241m=[39m[38;5;28;01mTrue[39;00m):
[0;32m    198[0m [38;5;250m    [39m[38;5;124;03m"""Context manager for acquiring a file."""[39;00m
[1;32m--> 199[0m     file, cached [38;5;241m=[39m [38;5;28mself[39m[38;5;241m.[39m_acquire_with_cache_info(needs_lock)
[0;32m    200[0m     [38;5;28;01mtry[39;00m:
[0;32m    201[0m         [38;5;28;01myield[39;00m file

File [1;32m~\AppData\Local\anaconda3\Lib\site-packages\xarray\backends\file_manager.py:217[0m, in [0;36mCachingFileManager._acquire_with_cache_info[1;34m(self, needs_lock)[0m
[0;32m    215[0m     kwargs [38;5;241m=[39m kwargs[38;5;241m.[39mcopy()
[0;32m    216[0m     kwargs[[38;5;124m"[39m[38;5;124mmode[39m[38;5;124m"[39m] [38;5;241m=[39m [38;5;28mself[39m[38;5;241m.[39m_mode
[1;32m--> 217[0m file [38;5;241m=[39m [38;5;28mself[39m[38;5;241m.[39m_opener([38;5;241m*[39m[38;5;28mself[39m[38;5;241m.[39m_args, [38;5;241m*[39m[38;5;241m*[39mkwargs)
[0;32m    218[0m [38;5;28;01mif[39;00m [38;5;28mself[39m[38;5;241m.[39m_mode [38;5;241m==[39m [38;5;124m"[39m[38;5;124mw[39m[38;5;124m"[39m:
[0;32m    219[0m     [38;5;66;03m# ensure file doesn't get overridden when opened again[39;00m
[0;32m    220[0m     [38;5;28mself[39m[38;5;241m.[39m_mode [38;5;241m=[39m [38;5;124m"[39m[38;5;124ma[39m[38;5;124m"[39m

File [1;32msrc\\netCDF4\\_netCDF4.pyx:2469[0m, in [0;36mnetCDF4._netCDF4.Dataset.__init__[1;34m()[0m

File [1;32msrc\\netCDF4\\_netCDF4.pyx:2028[0m, in [0;36mnetCDF4._netCDF4._ensure_nc_success[1;34m()[0m

[1;31mFileNotFoundError[0m: [Errno 2] No such file or directory: 'W:\\nadata\\PROJECTS\\NESCAPES\\PROCESSED_DATA\\FINAL\\hydrographic_climatology_surface_2000_2024.nc'

